#-----------------------------------------------------------
# Vivado v2019.1_AR72445 (64-bit)
# SW Build 2552052 on Fri May 24 14:49:42 MDT 2019
# IP Build 2548770 on Fri May 24 18:01:18 MDT 2019
# Start of session at: Thu Nov  7 13:59:19 2019
# Process ID: 13160
# Current directory: C:/Pentek/IP/2019.1/pentek/ip/px_axi4_2_pciepkt
# Command line: vivado.exe -gui_launcher_event rodinguilauncherevent12592 C:\Pentek\IP\2019.1\pentek\ip\px_axi4_2_pciepkt\px_axi4_2_pciepkt.xpr
# Log file: C:/Pentek/IP/2019.1/pentek/ip/px_axi4_2_pciepkt/vivado.log
# Journal file: C:/Pentek/IP/2019.1/pentek/ip/px_axi4_2_pciepkt\vivado.jou
#-----------------------------------------------------------
start_gui
open_project C:/Pentek/IP/2019.1/pentek/ip/px_axi4_2_pciepkt/px_axi4_2_pciepkt.xpr
update_compile_order -fileset sources_1
ipx::open_ipxact_file {C:\Pentek\IP\2019.1\pentek\ip\px_axi4_2_pciepkt\px_axi4_2_pciepkt.srcs\component.xml}
set_property core_revision 7 [ipx::current_core]
ipx::create_xgui_files [ipx::current_core]
ipx::update_checksums [ipx::current_core]
ipx::save_core [ipx::current_core]
update_ip_catalog -rebuild -repo_path c:/Pentek/IP/2019.1/pentek/ip/px_axi4_2_pciepkt/px_axi4_2_pciepkt.srcs
