EN fifo_d1k_w64_r32 NULL C:/hcr/firmware/xc4vsx55/fifo_d1k_w64_r32.vhd sub00/vhpl34 1236022053
EN adc_data_router NULL C:/hcr/firmware/VHDL_Source/adc_data_router.vhd sub00/vhpl10 1236022045
EN fifo_d1k_w64_r64 NULL C:/hcr/firmware/xc4vsx55/fifo_d1k_w64_r64.vhd sub00/vhpl32 1236022051
AR fifo_d1k_w64_r32 fifo_d1k_w64_r32_a C:/hcr/firmware/xc4vsx55/fifo_d1k_w64_r32.vhd sub00/vhpl35 1236022054
AR user_block behavior C:/hcr/firmware/VHDL_Source/user_block.vhd sub00/vhpl07 1236022040
EN adc_data_path_user NULL C:/hcr/firmware/vhdl_source/adcdata_modified.vhd sub00/vhpl42 1236022069
EN clk_gen NULL C:/hcr/firmware/VHDL_Source/clk_gen.vhd sub00/vhpl20 1236022059
EN cntrlreg NULL C:/hcr/firmware/VHDL_Source/cntrl_reg.vhd sub00/vhpl18 1236022061
AR dac_data_path structure C:/hcr/firmware/VHDL_Source/datapath.vhd sub00/vhpl09 1236022074
EN sdram_sys_clk_dcm NULL C:/hcr/firmware/VHDL_Source/sdram_sys_clk_dcm.vhd sub00/vhpl24 1236022055
EN filter_latch NULL C:/hcr/firmware/vhdl_source/filter_latch.vhd sub00/vhpl38 1236022067
AR fifo_d2k_w32_r64 fifo_d2k_w32_r64_a C:/hcr/firmware/xc4vsx55/fifo_d2k_w32_r64.vhd sub00/vhpl31 1236022048
EN ddc_user_block NULL C:/hcr/firmware/vhdl_source/ddc_user_block.vhd sub00/vhpl36 1236022049
AR syncgate_gen behavior C:/hcr/firmware/VHDL_Source/syncgate.vhd sub00/vhpl17 1236022064
EN fifo_en_gen NULL C:/hcr/firmware/VHDL_Source/fifo_en_gen.vhd sub00/vhpl14 1236022065
AR clk_dcm behavioral C:/hcr/firmware/VHDL_Source/clk_dcm.vhd sub00/vhpl01 1236022076
AR ddc_user_block structure C:/hcr/firmware/vhdl_source/ddc_user_block.vhd sub00/vhpl37 1236022050
AR fifo_en_gen behavior C:/hcr/firmware/VHDL_Source/fifo_en_gen.vhd sub00/vhpl15 1236022066
EN memory_app NULL C:/hcr/firmware/VHDL_Source/dram_dtl.vhd sub00/vhpl22 1236022057
AR filter_latch behavioral C:/hcr/firmware/vhdl_source/filter_latch.vhd sub00/vhpl39 1236022068
EN clk_dcm NULL C:/hcr/firmware/VHDL_Source/clk_dcm.vhd sub00/vhpl00 1236022075
EN d_intrfc NULL C:/hcr/firmware/VHDL_Source/d_intrfc.vhd sub00/vhpl02 1236022043
EN fifo_d8k_w64_r32 NULL C:/hcr/firmware/xc4vsx55/fifo_d8k_w64_r32.vhd sub00/vhpl28 1236022037
AR fifo_d8k_w64_r32 fifo_d8k_w64_r32_a C:/hcr/firmware/xc4vsx55/fifo_d8k_w64_r32.vhd sub00/vhpl29 1236022038
EN adc_data_path NULL C:/hcr/firmware/VHDL_Source/adcdata.vhd sub00/vhpl12 1236022071
AR adc_data_path structure C:/hcr/firmware/VHDL_Source/adcdata.vhd sub00/vhpl13 1236022072
EN ddc_adv_dcm NULL C:/hcr/firmware/vhdl_source/ddc_adv_dcm.vhd sub00/vhpl40 1236022077
EN data_router NULL C:/hcr/firmware/VHDL_Source/data_router.vhd sub00/vhpl04 1236022041
EN syncgate_gen NULL C:/hcr/firmware/VHDL_Source/syncgate.vhd sub00/vhpl16 1236022063
AR cntrlreg rtl C:/hcr/firmware/VHDL_Source/cntrl_reg.vhd sub00/vhpl19 1236022062
EN dac_data_path NULL C:/hcr/firmware/VHDL_Source/datapath.vhd sub00/vhpl08 1236022073
AR memory_app structure C:/hcr/firmware/VHDL_Source/dram_dtl.vhd sub00/vhpl23 1236022058
AR adc_data_path_user structure C:/hcr/firmware/vhdl_source/adcdata_modified.vhd sub00/vhpl43 1236022070
EN fifo_d2k_w32_r64 NULL C:/hcr/firmware/xc4vsx55/fifo_d2k_w32_r64.vhd sub00/vhpl30 1236022047
AR fifo_d1k_w64_r64 fifo_d1k_w64_r64_a C:/hcr/firmware/xc4vsx55/fifo_d1k_w64_r64.vhd sub00/vhpl33 1236022052
AR ddc_adv_dcm behavioral C:/hcr/firmware/vhdl_source/ddc_adv_dcm.vhd sub00/vhpl41 1236022078
AR top_level structure C:/hcr/firmware/VHDL_Source/top_level.vhd sub00/vhpl27 1236022080
AR adc_data_router behavior C:/hcr/firmware/VHDL_Source/adc_data_router.vhd sub00/vhpl11 1236022046
AR data_router behavior C:/hcr/firmware/VHDL_Source/data_router.vhd sub00/vhpl05 1236022042
AR sdram_sys_clk_dcm behavioral C:/hcr/firmware/VHDL_Source/sdram_sys_clk_dcm.vhd sub00/vhpl25 1236022056
EN user_block NULL C:/hcr/firmware/VHDL_Source/user_block.vhd sub00/vhpl06 1236022039
AR clk_gen behavior C:/hcr/firmware/VHDL_Source/clk_gen.vhd sub00/vhpl21 1236022060
EN top_level NULL C:/hcr/firmware/VHDL_Source/top_level.vhd sub00/vhpl26 1236022079
AR d_intrfc behavior C:/hcr/firmware/VHDL_Source/d_intrfc.vhd sub00/vhpl03 1236022044
