V3 123
FL C:/GateFlow/7142_sig/4953_s142/VHDL_Source/adcdata.vhd 2008/12/09.15:32:51 J.40
EN work/ADC_DATA_PATH 1229029379 \
      FL C:/GateFlow/7142_sig/4953_s142/VHDL_Source/adcdata.vhd \
      PB ieee/std_logic_1164 1187112590 LB UNISIM PH unisim/VCOMPONENTS 1189179356
AR work/ADC_DATA_PATH/STRUCTURE 1229029380 \
      FL C:/GateFlow/7142_sig/4953_s142/VHDL_Source/adcdata.vhd \
      EN work/ADC_DATA_PATH 1229029379 CP D_INTRFC CP ADC_DATA_ROUTER CP USER_BLOCK \
      CP fifo_d2k_w32_r64
FL C:/GateFlow/7142_sig/4953_s142/vhdl_source/adcdata_orig.vhd 2008/12/11.14:00:18 J.40
EN work/ADC_DATA_PATH_USER 1229029377 \
      FL C:/GateFlow/7142_sig/4953_s142/vhdl_source/adcdata_orig.vhd \
      PB ieee/std_logic_1164 1187112590 LB UNISIM PH unisim/VCOMPONENTS 1189179356
AR work/ADC_DATA_PATH_USER/STRUCTURE 1229029378 \
      FL C:/GateFlow/7142_sig/4953_s142/vhdl_source/adcdata_orig.vhd \
      EN work/ADC_DATA_PATH_USER 1229029377 CP D_INTRFC CP ADC_DATA_ROUTER \
      CP DDC_USER_BLOCK CP USER_BLOCK CP fifo_d2k_w32_r64
FL C:/GateFlow/7142_sig/4953_s142/VHDL_Source/adc_data_router.vhd 2007/10/19.12:34:46 J.40
EN work/ADC_DATA_ROUTER 1229029353 \
      FL C:/GateFlow/7142_sig/4953_s142/VHDL_Source/adc_data_router.vhd \
      PB ieee/std_logic_1164 1187112590 PB ieee/std_logic_arith 1187112591 \
      PB ieee/STD_LOGIC_UNSIGNED 1187112592
AR work/ADC_DATA_ROUTER/BEHAVIOR 1229029354 \
      FL C:/GateFlow/7142_sig/4953_s142/VHDL_Source/adc_data_router.vhd \
      EN work/ADC_DATA_ROUTER 1229029353
FL C:/GateFlow/7142_sig/4953_s142/VHDL_Source/clk_dcm.vhd 2007/03/21.09:58:30 J.40
EN work/CLK_DCM 1229029383 \
      FL C:/GateFlow/7142_sig/4953_s142/VHDL_Source/clk_dcm.vhd \
      PB ieee/std_logic_1164 1187112590 PH ieee/NUMERIC_STD 1187112592
AR work/CLK_DCM/BEHAVIORAL 1229029384 \
      FL C:/GateFlow/7142_sig/4953_s142/VHDL_Source/clk_dcm.vhd EN work/CLK_DCM 1229029383 \
      CP DCM_ADV
FL C:/GateFlow/7142_sig/4953_s142/VHDL_Source/clk_gen.vhd 2007/10/19.12:20:28 J.40
EN work/CLK_GEN 1229029367 \
      FL C:/GateFlow/7142_sig/4953_s142/VHDL_Source/clk_gen.vhd \
      PB ieee/std_logic_1164 1187112590 PB ieee/std_logic_arith 1187112591 \
      PB ieee/STD_LOGIC_UNSIGNED 1187112592
AR work/CLK_GEN/BEHAVIOR 1229029368 \
      FL C:/GateFlow/7142_sig/4953_s142/VHDL_Source/clk_gen.vhd EN work/CLK_GEN 1229029367
FL C:/GateFlow/7142_sig/4953_s142/VHDL_Source/cntrl_reg.vhd 2008/12/10.13:09:01 J.40
EN work/CNTRLREG 1229029369 \
      FL C:/GateFlow/7142_sig/4953_s142/VHDL_Source/cntrl_reg.vhd \
      PB ieee/std_logic_1164 1187112590 PB ieee/std_logic_arith 1187112591 \
      PB ieee/STD_LOGIC_UNSIGNED 1187112592
AR work/CNTRLREG/RTL 1229029370 \
      FL C:/GateFlow/7142_sig/4953_s142/VHDL_Source/cntrl_reg.vhd \
      EN work/CNTRLREG 1229029369
FL C:/GateFlow/7142_sig/4953_s142/VHDL_Source/datapath.vhd 2007/10/19.12:36:44 J.40
EN work/DAC_DATA_PATH 1229029381 \
      FL C:/GateFlow/7142_sig/4953_s142/VHDL_Source/datapath.vhd \
      PB ieee/std_logic_1164 1187112590 LB UNISIM PH unisim/VCOMPONENTS 1189179356
AR work/DAC_DATA_PATH/STRUCTURE 1229029382 \
      FL C:/GateFlow/7142_sig/4953_s142/VHDL_Source/datapath.vhd \
      EN work/DAC_DATA_PATH 1229029381 CP fifo_d8k_w64_r32 CP USER_BLOCK \
      CP DATA_ROUTER CP D_INTRFC
FL C:/GateFlow/7142_sig/4953_s142/VHDL_Source/data_router.vhd 2007/10/19.12:37:30 J.40
EN work/DATA_ROUTER 1229029349 \
      FL C:/GateFlow/7142_sig/4953_s142/VHDL_Source/data_router.vhd \
      PB ieee/std_logic_1164 1187112590 PB ieee/std_logic_arith 1187112591 \
      PB ieee/STD_LOGIC_UNSIGNED 1187112592
AR work/DATA_ROUTER/BEHAVIOR 1229029350 \
      FL C:/GateFlow/7142_sig/4953_s142/VHDL_Source/data_router.vhd \
      EN work/DATA_ROUTER 1229029349
FL C:/GateFlow/7142_sig/4953_s142/vhdl_source/ddc_adv_dcm.vhd 2008/12/10.17:03:11 J.40
EN work/DDC_ADV_DCM 1229029385 \
      FL C:/GateFlow/7142_sig/4953_s142/vhdl_source/ddc_adv_dcm.vhd \
      PB ieee/std_logic_1164 1187112590 PB ieee/STD_LOGIC_UNSIGNED 1187112592 \
      PH ieee/NUMERIC_STD 1187112592 LB UNISIM PH unisim/VCOMPONENTS 1189179356
AR work/DDC_ADV_DCM/BEHAVIORAL 1229029386 \
      FL C:/GateFlow/7142_sig/4953_s142/vhdl_source/ddc_adv_dcm.vhd \
      EN work/DDC_ADV_DCM 1229029385 CP BUFG CP DCM_ADV
FL C:/GateFlow/7142_sig/4953_s142/vhdl_source/ddc_user_block.vhd 2008/12/10.16:47:55 J.40
EN work/DDC_USER_BLOCK 1229029357 \
      FL C:/GateFlow/7142_sig/4953_s142/vhdl_source/ddc_user_block.vhd \
      PB ieee/std_logic_1164 1187112590 PB ieee/std_logic_arith 1187112591 \
      PB ieee/STD_LOGIC_UNSIGNED 1187112592
AR work/DDC_USER_BLOCK/STRUCTURE 1229029358 \
      FL C:/GateFlow/7142_sig/4953_s142/vhdl_source/ddc_user_block.vhd \
      EN work/DDC_USER_BLOCK 1229029357 CP casc_filter
FL C:/GateFlow/7142_sig/4953_s142/VHDL_Source/dram_dtl.vhd 2007/10/19.12:18:04 J.40
EN work/MEMORY_APP 1229029365 \
      FL C:/GateFlow/7142_sig/4953_s142/VHDL_Source/dram_dtl.vhd \
      PB ieee/std_logic_1164 1187112590 PB ieee/std_logic_arith 1187112591 \
      PB ieee/STD_LOGIC_UNSIGNED 1187112592 LB UNISIM PH unisim/VCOMPONENTS 1189179356
AR work/MEMORY_APP/STRUCTURE 1229029366 \
      FL C:/GateFlow/7142_sig/4953_s142/VHDL_Source/dram_dtl.vhd \
      EN work/MEMORY_APP 1229029365 CP fifo_d1k_w64_r64 CP fifo_d2k_w32_r64 \
      CP SDRAM_DDR2_LB CP fifo_d1k_w64_r32
FL C:/GateFlow/7142_sig/4953_s142/VHDL_Source/d_intrfc.vhd 2007/10/19.12:34:16 J.40
EN work/D_INTRFC 1229029351 \
      FL C:/GateFlow/7142_sig/4953_s142/VHDL_Source/d_intrfc.vhd \
      PB ieee/std_logic_1164 1187112590 PB ieee/std_logic_arith 1187112591 \
      PB ieee/STD_LOGIC_UNSIGNED 1187112592
AR work/D_INTRFC/BEHAVIOR 1229029352 \
      FL C:/GateFlow/7142_sig/4953_s142/VHDL_Source/d_intrfc.vhd EN work/D_INTRFC 1229029351
FL C:/GateFlow/7142_sig/4953_s142/VHDL_Source/fifo_en_gen.vhd 2007/10/19.12:32:18 J.40
EN work/FIFO_EN_GEN 1229029373 \
      FL C:/GateFlow/7142_sig/4953_s142/VHDL_Source/fifo_en_gen.vhd \
      PB ieee/std_logic_1164 1187112590 PB ieee/std_logic_arith 1187112591 \
      PB ieee/STD_LOGIC_UNSIGNED 1187112592
AR work/FIFO_EN_GEN/BEHAVIOR 1229029374 \
      FL C:/GateFlow/7142_sig/4953_s142/VHDL_Source/fifo_en_gen.vhd \
      EN work/FIFO_EN_GEN 1229029373
FL C:/GateFlow/7142_sig/4953_s142/vhdl_source/filter_latch.vhd 2008/12/04.16:01:29 J.40
EN work/FILTER_LATCH 1229029375 \
      FL C:/GateFlow/7142_sig/4953_s142/vhdl_source/filter_latch.vhd \
      PB ieee/std_logic_1164 1187112590 PB ieee/std_logic_arith 1187112591 \
      PB ieee/STD_LOGIC_UNSIGNED 1187112592
AR work/FILTER_LATCH/Behavioral 1229029376 \
      FL C:/GateFlow/7142_sig/4953_s142/vhdl_source/filter_latch.vhd \
      EN work/FILTER_LATCH 1229029375
FL C:/GateFlow/7142_sig/4953_s142/VHDL_Source/sdram_sys_clk_dcm.vhd 2007/03/21.09:58:34 J.40
EN work/SDRAM_SYS_CLK_DCM 1229029363 \
      FL C:/GateFlow/7142_sig/4953_s142/VHDL_Source/sdram_sys_clk_dcm.vhd \
      PB ieee/std_logic_1164 1187112590 PH ieee/NUMERIC_STD 1187112592
AR work/SDRAM_SYS_CLK_DCM/BEHAVIORAL 1229029364 \
      FL C:/GateFlow/7142_sig/4953_s142/VHDL_Source/sdram_sys_clk_dcm.vhd \
      EN work/SDRAM_SYS_CLK_DCM 1229029363 CP DCM_ADV CP BUFG
FL C:/GateFlow/7142_sig/4953_s142/VHDL_Source/syncgate.vhd 2007/10/19.12:31:44 J.40
EN work/SYNCGATE_GEN 1229029371 \
      FL C:/GateFlow/7142_sig/4953_s142/VHDL_Source/syncgate.vhd \
      PB ieee/std_logic_1164 1187112590 PB ieee/std_logic_arith 1187112591 \
      PB ieee/STD_LOGIC_UNSIGNED 1187112592
AR work/SYNCGATE_GEN/BEHAVIOR 1229029372 \
      FL C:/GateFlow/7142_sig/4953_s142/VHDL_Source/syncgate.vhd \
      EN work/SYNCGATE_GEN 1229029371
FL C:/GateFlow/7142_sig/4953_s142/VHDL_Source/top_level.vhd 2008/12/11.14:01:40 J.40
EN work/TOP_LEVEL 1229029387 \
      FL C:/GateFlow/7142_sig/4953_s142/VHDL_Source/top_level.vhd \
      PB ieee/std_logic_1164 1187112590 PB ieee/std_logic_arith 1187112591 \
      PB ieee/STD_LOGIC_UNSIGNED 1187112592 LB UNISIM PH unisim/VCOMPONENTS 1189179356
AR work/TOP_LEVEL/STRUCTURE 1229029388 \
      FL C:/GateFlow/7142_sig/4953_s142/VHDL_Source/top_level.vhd \
      EN work/TOP_LEVEL 1229029387 CP IBUFG CP BUFG CP IBUFGDS_LVPECL_25 \
      CP SDRAM_SYS_CLK_DCM CP FDDRRSE CP fifo_d1k_w64_r64 CP MEMORY_APP CP SRL16 \
      CP IDELAYCTRL CP IOBUF CP OBUFT CP IBUFGDS_LVDS_25 CP OBUFDS_LVDS_25 \
      CP IBUFDS_LVDS_25 CP BUFIO CP CLK_GEN CP CNTRLREG CP SYNCGATE_GEN \
      CP FIFO_EN_GEN CP FILTER_LATCH CP ADC_DATA_PATH_USER CP ADC_DATA_PATH \
      CP DAC_DATA_PATH CP CLK_DCM CP DDC_ADV_DCM CP BUFGCTRL
FL C:/GateFlow/7142_sig/4953_s142/VHDL_Source/user_block.vhd 2007/10/19.12:35:32 J.40
EN work/USER_BLOCK 1229029347 \
      FL C:/GateFlow/7142_sig/4953_s142/VHDL_Source/user_block.vhd \
      PB ieee/std_logic_1164 1187112590 PB ieee/std_logic_arith 1187112591 \
      PB ieee/STD_LOGIC_UNSIGNED 1187112592
AR work/USER_BLOCK/BEHAVIOR 1229029348 \
      FL C:/GateFlow/7142_sig/4953_s142/VHDL_Source/user_block.vhd \
      EN work/USER_BLOCK 1229029347
FL C:/GateFlow/7142_sig/4953_s142/xc4vsx55/../VHDL_Source/top_level.vhd 2007/10/19.12:19:56 J.40
FL C:/GateFlow/7142_sig/4953_s142/xc4vsx55/fifo_d1k_w64_r32.vhd 2008/12/10.10:27:26 J.40
EN work/fifo_d1k_w64_r32 1229029361 \
      FL C:/GateFlow/7142_sig/4953_s142/xc4vsx55/fifo_d1k_w64_r32.vhd \
      PB ieee/std_logic_1164 1187112590
AR work/fifo_d1k_w64_r32/fifo_d1k_w64_r32_a 1229029362 \
      FL C:/GateFlow/7142_sig/4953_s142/xc4vsx55/fifo_d1k_w64_r32.vhd \
      EN work/fifo_d1k_w64_r32 1229029361
FL C:/GateFlow/7142_sig/4953_s142/xc4vsx55/fifo_d1k_w64_r64.vhd 2008/12/10.10:29:18 J.40
EN work/fifo_d1k_w64_r64 1229029359 \
      FL C:/GateFlow/7142_sig/4953_s142/xc4vsx55/fifo_d1k_w64_r64.vhd \
      PB ieee/std_logic_1164 1187112590
AR work/fifo_d1k_w64_r64/fifo_d1k_w64_r64_a 1229029360 \
      FL C:/GateFlow/7142_sig/4953_s142/xc4vsx55/fifo_d1k_w64_r64.vhd \
      EN work/fifo_d1k_w64_r64 1229029359
FL C:/GateFlow/7142_sig/4953_s142/xc4vsx55/fifo_d2k_w32_r64.vhd 2008/12/10.10:31:14 J.40
EN work/fifo_d2k_w32_r64 1229029355 \
      FL C:/GateFlow/7142_sig/4953_s142/xc4vsx55/fifo_d2k_w32_r64.vhd \
      PB ieee/std_logic_1164 1187112590
AR work/fifo_d2k_w32_r64/fifo_d2k_w32_r64_a 1229029356 \
      FL C:/GateFlow/7142_sig/4953_s142/xc4vsx55/fifo_d2k_w32_r64.vhd \
      EN work/fifo_d2k_w32_r64 1229029355
FL C:/GateFlow/7142_sig/4953_s142/xc4vsx55/fifo_d8k_w64_r32.vhd 2008/12/10.10:41:20 J.40
EN work/fifo_d8k_w64_r32 1229029345 \
      FL C:/GateFlow/7142_sig/4953_s142/xc4vsx55/fifo_d8k_w64_r32.vhd \
      PB ieee/std_logic_1164 1187112590
AR work/fifo_d8k_w64_r32/fifo_d8k_w64_r32_a 1229029346 \
      FL C:/GateFlow/7142_sig/4953_s142/xc4vsx55/fifo_d8k_w64_r32.vhd \
      EN work/fifo_d8k_w64_r32 1229029345
FL C:/GateFlow/7142_sig/VHDL_Source/adcdata.vhd 2007/10/19.14:33:35 J.40
FL C:/GateFlow/7142_sig/VHDL_Source/adc_data_router.vhd 2007/10/19.14:34:44 J.40
FL C:/GateFlow/7142_sig/VHDL_Source/clk_dcm.vhd 2007/03/21.11:58:30 J.40
FL C:/GateFlow/7142_sig/VHDL_Source/clk_gen.vhd 2007/10/19.14:20:26 J.40
FL C:/GateFlow/7142_sig/VHDL_Source/cntrl_reg.vhd 2007/10/26.13:03:45 J.40
FL C:/GateFlow/7142_sig/VHDL_Source/datapath.vhd 2007/10/19.14:36:43 J.40
FL C:/GateFlow/7142_sig/VHDL_Source/data_router.vhd 2007/10/19.14:37:29 J.40
FL C:/GateFlow/7142_sig/VHDL_Source/dram_dtl.vhd 2007/10/19.14:18:02 J.40
FL C:/GateFlow/7142_sig/VHDL_Source/d_intrfc.vhd 2007/10/19.14:34:14 J.40
FL C:/GateFlow/7142_sig/VHDL_Source/fifo_en_gen.vhd 2007/10/19.14:32:17 J.40
FL C:/GateFlow/7142_sig/VHDL_Source/sdram_sys_clk_dcm.vhd 2007/03/21.11:58:34 J.40
FL C:/GateFlow/7142_sig/VHDL_Source/syncgate.vhd 2007/10/19.14:31:42 J.40
FL C:/GateFlow/7142_sig/VHDL_Source/top_level.vhd 2007/10/19.14:19:54 J.40
FL C:/GateFlow/7142_sig/VHDL_Source/user_block.vhd 2007/10/19.14:35:31 J.40
FL C:/GateFlow/7142_sig/xc4vsx55/fifo_d1k_w64_r32.vhd 2007/10/26.14:10:46 J.40
FL C:/GateFlow/7142_sig/xc4vsx55/fifo_d1k_w64_r64.vhd 2007/10/26.14:19:33 J.40
FL C:/GateFlow/7142_sig/xc4vsx55/fifo_d2k_w32_r64.vhd 2007/10/26.14:27:30 J.40
FL C:/GateFlow/7142_sig/xc4vsx55/fifo_d8k_w64_r32.vhd 2007/10/26.15:15:29 J.40
