V3 145
FL C:/GateFlow/7142_sig/4953_s142/VHDL_Source/adcdata.vhd 2008/12/09.15:32:51 J.40
FL C:/GateFlow/7142_sig/4953_s142/vhdl_source/adcdata_orig.vhd 2008/12/11.14:00:18 J.40
FL C:/GateFlow/7142_sig/4953_s142/VHDL_Source/adc_data_router.vhd 2007/10/19.12:34:46 J.40
FL C:/GateFlow/7142_sig/4953_s142/VHDL_Source/clk_dcm.vhd 2007/03/21.09:58:30 J.40
FL C:/GateFlow/7142_sig/4953_s142/VHDL_Source/clk_gen.vhd 2007/10/19.12:20:28 J.40
FL C:/GateFlow/7142_sig/4953_s142/VHDL_Source/cntrl_reg.vhd 2008/12/10.13:09:01 J.40
FL C:/GateFlow/7142_sig/4953_s142/VHDL_Source/datapath.vhd 2007/10/19.12:36:44 J.40
FL C:/GateFlow/7142_sig/4953_s142/VHDL_Source/data_router.vhd 2007/10/19.12:37:30 J.40
FL C:/GateFlow/7142_sig/4953_s142/vhdl_source/ddc_adv_dcm.vhd 2008/12/10.17:03:11 J.40
FL C:/GateFlow/7142_sig/4953_s142/vhdl_source/ddc_user_block.vhd 2008/12/10.16:47:55 J.40
FL C:/GateFlow/7142_sig/4953_s142/VHDL_Source/dram_dtl.vhd 2007/10/19.12:18:04 J.40
FL C:/GateFlow/7142_sig/4953_s142/VHDL_Source/d_intrfc.vhd 2007/10/19.12:34:16 J.40
FL C:/GateFlow/7142_sig/4953_s142/VHDL_Source/fifo_en_gen.vhd 2007/10/19.12:32:18 J.40
FL C:/GateFlow/7142_sig/4953_s142/vhdl_source/filter_latch.vhd 2008/12/04.16:01:29 J.40
FL C:/GateFlow/7142_sig/4953_s142/VHDL_Source/sdram_sys_clk_dcm.vhd 2007/03/21.09:58:34 J.40
FL C:/GateFlow/7142_sig/4953_s142/VHDL_Source/syncgate.vhd 2007/10/19.12:31:44 J.40
FL C:/GateFlow/7142_sig/4953_s142/VHDL_Source/top_level.vhd 2008/12/11.14:01:40 J.40
FL C:/GateFlow/7142_sig/4953_s142/VHDL_Source/user_block.vhd 2007/10/19.12:35:32 J.40
FL C:/GateFlow/7142_sig/4953_s142/xc4vsx55/../VHDL_Source/top_level.vhd 2007/10/19.12:19:56 J.40
FL C:/GateFlow/7142_sig/4953_s142/xc4vsx55/fifo_d1k_w64_r32.vhd 2008/12/10.10:27:26 J.40
FL C:/GateFlow/7142_sig/4953_s142/xc4vsx55/fifo_d1k_w64_r64.vhd 2008/12/10.10:29:18 J.40
FL C:/GateFlow/7142_sig/4953_s142/xc4vsx55/fifo_d2k_w32_r64.vhd 2008/12/10.10:31:14 J.40
FL C:/GateFlow/7142_sig/4953_s142/xc4vsx55/fifo_d8k_w64_r32.vhd 2008/12/10.10:41:20 J.40
FL C:/GateFlow/7142_sig/VHDL_Source/adcdata.vhd 2007/10/19.14:33:35 J.40
FL C:/GateFlow/7142_sig/VHDL_Source/adc_data_router.vhd 2007/10/19.14:34:44 J.40
FL C:/GateFlow/7142_sig/VHDL_Source/clk_dcm.vhd 2007/03/21.11:58:30 J.40
FL C:/GateFlow/7142_sig/VHDL_Source/clk_gen.vhd 2007/10/19.14:20:26 J.40
FL C:/GateFlow/7142_sig/VHDL_Source/cntrl_reg.vhd 2007/10/26.13:03:45 J.40
FL C:/GateFlow/7142_sig/VHDL_Source/datapath.vhd 2007/10/19.14:36:43 J.40
FL C:/GateFlow/7142_sig/VHDL_Source/data_router.vhd 2007/10/19.14:37:29 J.40
FL C:/GateFlow/7142_sig/VHDL_Source/dram_dtl.vhd 2007/10/19.14:18:02 J.40
FL C:/GateFlow/7142_sig/VHDL_Source/d_intrfc.vhd 2007/10/19.14:34:14 J.40
FL C:/GateFlow/7142_sig/VHDL_Source/fifo_en_gen.vhd 2007/10/19.14:32:17 J.40
FL C:/GateFlow/7142_sig/VHDL_Source/sdram_sys_clk_dcm.vhd 2007/03/21.11:58:34 J.40
FL C:/GateFlow/7142_sig/VHDL_Source/syncgate.vhd 2007/10/19.14:31:42 J.40
FL C:/GateFlow/7142_sig/VHDL_Source/top_level.vhd 2007/10/19.14:19:54 J.40
FL C:/GateFlow/7142_sig/VHDL_Source/user_block.vhd 2007/10/19.14:35:31 J.40
FL C:/GateFlow/7142_sig/xc4vsx55/fifo_d1k_w64_r32.vhd 2007/10/26.14:10:46 J.40
FL C:/GateFlow/7142_sig/xc4vsx55/fifo_d1k_w64_r64.vhd 2007/10/26.14:19:33 J.40
FL C:/GateFlow/7142_sig/xc4vsx55/fifo_d2k_w32_r64.vhd 2007/10/26.14:27:30 J.40
FL C:/GateFlow/7142_sig/xc4vsx55/fifo_d8k_w64_r32.vhd 2007/10/26.15:15:29 J.40
FL C:/hcr/firmware/VHDL_Source/adcdata.vhd 2008/12/09.15:32:51 J.40
EN work/ADC_DATA_PATH 1236022071 FL C:/hcr/firmware/VHDL_Source/adcdata.vhd \
      PB ieee/std_logic_1164 1187112590 LB UNISIM PH unisim/VCOMPONENTS 1189179356
AR work/ADC_DATA_PATH/STRUCTURE 1236022072 \
      FL C:/hcr/firmware/VHDL_Source/adcdata.vhd EN work/ADC_DATA_PATH 1236022071 \
      CP D_INTRFC CP ADC_DATA_ROUTER CP USER_BLOCK CP fifo_d2k_w32_r64
FL C:/hcr/firmware/vhdl_source/adcdata_modified.vhd 2009/01/26.11:19:54 J.40
EN work/ADC_DATA_PATH_USER 1236022069 \
      FL C:/hcr/firmware/vhdl_source/adcdata_modified.vhd PB ieee/std_logic_1164 1187112590 \
      LB UNISIM PH unisim/VCOMPONENTS 1189179356
AR work/ADC_DATA_PATH_USER/STRUCTURE 1236022070 \
      FL C:/hcr/firmware/vhdl_source/adcdata_modified.vhd \
      EN work/ADC_DATA_PATH_USER 1236022069 CP D_INTRFC CP ADC_DATA_ROUTER \
      CP DDC_USER_BLOCK CP USER_BLOCK CP fifo_d2k_w32_r64
FL C:/hcr/firmware/VHDL_Source/adc_data_router.vhd 2007/10/19.12:34:46 J.40
EN work/ADC_DATA_ROUTER 1236022045 \
      FL C:/hcr/firmware/VHDL_Source/adc_data_router.vhd PB ieee/std_logic_1164 1187112590 \
      PB ieee/std_logic_arith 1187112591 PB ieee/STD_LOGIC_UNSIGNED 1187112592
AR work/ADC_DATA_ROUTER/BEHAVIOR 1236022046 \
      FL C:/hcr/firmware/VHDL_Source/adc_data_router.vhd EN work/ADC_DATA_ROUTER 1236022045
FL C:/hcr/firmware/VHDL_Source/clk_dcm.vhd 2007/03/21.09:58:30 J.40
EN work/CLK_DCM 1236022075 FL C:/hcr/firmware/VHDL_Source/clk_dcm.vhd \
      PB ieee/std_logic_1164 1187112590 PH ieee/NUMERIC_STD 1187112592
AR work/CLK_DCM/BEHAVIORAL 1236022076 \
      FL C:/hcr/firmware/VHDL_Source/clk_dcm.vhd EN work/CLK_DCM 1236022075 \
      CP DCM_ADV
FL C:/hcr/firmware/VHDL_Source/clk_gen.vhd 2007/10/19.12:20:28 J.40
EN work/CLK_GEN 1236022059 FL C:/hcr/firmware/VHDL_Source/clk_gen.vhd \
      PB ieee/std_logic_1164 1187112590 PB ieee/std_logic_arith 1187112591 \
      PB ieee/STD_LOGIC_UNSIGNED 1187112592
AR work/CLK_GEN/BEHAVIOR 1236022060 \
      FL C:/hcr/firmware/VHDL_Source/clk_gen.vhd EN work/CLK_GEN 1236022059
FL C:/hcr/firmware/VHDL_Source/cntrl_reg.vhd 2008/12/10.13:09:01 J.40
EN work/CNTRLREG 1236022061 FL C:/hcr/firmware/VHDL_Source/cntrl_reg.vhd \
      PB ieee/std_logic_1164 1187112590 PB ieee/std_logic_arith 1187112591 \
      PB ieee/STD_LOGIC_UNSIGNED 1187112592
AR work/CNTRLREG/RTL 1236022062 \
      FL C:/hcr/firmware/VHDL_Source/cntrl_reg.vhd EN work/CNTRLREG 1236022061
FL C:/hcr/firmware/VHDL_Source/datapath.vhd 2007/10/19.12:36:44 J.40
EN work/DAC_DATA_PATH 1236022073 FL C:/hcr/firmware/VHDL_Source/datapath.vhd \
      PB ieee/std_logic_1164 1187112590 LB UNISIM PH unisim/VCOMPONENTS 1189179356
AR work/DAC_DATA_PATH/STRUCTURE 1236022074 \
      FL C:/hcr/firmware/VHDL_Source/datapath.vhd EN work/DAC_DATA_PATH 1236022073 \
      CP fifo_d8k_w64_r32 CP USER_BLOCK CP DATA_ROUTER CP D_INTRFC
FL C:/hcr/firmware/VHDL_Source/data_router.vhd 2007/10/19.12:37:30 J.40
EN work/DATA_ROUTER 1236022041 FL C:/hcr/firmware/VHDL_Source/data_router.vhd \
      PB ieee/std_logic_1164 1187112590 PB ieee/std_logic_arith 1187112591 \
      PB ieee/STD_LOGIC_UNSIGNED 1187112592
AR work/DATA_ROUTER/BEHAVIOR 1236022042 \
      FL C:/hcr/firmware/VHDL_Source/data_router.vhd EN work/DATA_ROUTER 1236022041
FL C:/hcr/firmware/vhdl_source/ddc_adv_dcm.vhd 2009/02/09.12:40:02 J.40
EN work/DDC_ADV_DCM 1236022077 FL C:/hcr/firmware/vhdl_source/ddc_adv_dcm.vhd \
      PB ieee/std_logic_1164 1187112590 PB ieee/STD_LOGIC_UNSIGNED 1187112592 \
      PH ieee/NUMERIC_STD 1187112592 LB UNISIM PH unisim/VCOMPONENTS 1189179356
AR work/DDC_ADV_DCM/BEHAVIORAL 1236022078 \
      FL C:/hcr/firmware/vhdl_source/ddc_adv_dcm.vhd EN work/DDC_ADV_DCM 1236022077 \
      CP BUFG CP DCM_ADV
FL C:/hcr/firmware/vhdl_source/ddc_user_block.vhd 2009/03/02.09:42:34 J.40
EN work/DDC_USER_BLOCK 1236022049 \
      FL C:/hcr/firmware/vhdl_source/ddc_user_block.vhd PB ieee/std_logic_1164 1187112590 \
      PB ieee/std_logic_arith 1187112591 PB ieee/STD_LOGIC_UNSIGNED 1187112592
AR work/DDC_USER_BLOCK/STRUCTURE 1236022050 \
      FL C:/hcr/firmware/vhdl_source/ddc_user_block.vhd EN work/DDC_USER_BLOCK 1236022049 \
      CP casc_filter_reva
FL C:/hcr/firmware/VHDL_Source/dram_dtl.vhd 2007/10/19.12:18:04 J.40
EN work/MEMORY_APP 1236022057 FL C:/hcr/firmware/VHDL_Source/dram_dtl.vhd \
      PB ieee/std_logic_1164 1187112590 PB ieee/std_logic_arith 1187112591 \
      PB ieee/STD_LOGIC_UNSIGNED 1187112592 LB UNISIM PH unisim/VCOMPONENTS 1189179356
AR work/MEMORY_APP/STRUCTURE 1236022058 \
      FL C:/hcr/firmware/VHDL_Source/dram_dtl.vhd EN work/MEMORY_APP 1236022057 \
      CP fifo_d1k_w64_r64 CP fifo_d2k_w32_r64 CP SDRAM_DDR2_LB CP fifo_d1k_w64_r32
FL C:/hcr/firmware/VHDL_Source/d_intrfc.vhd 2007/10/19.12:34:16 J.40
EN work/D_INTRFC 1236022043 FL C:/hcr/firmware/VHDL_Source/d_intrfc.vhd \
      PB ieee/std_logic_1164 1187112590 PB ieee/std_logic_arith 1187112591 \
      PB ieee/STD_LOGIC_UNSIGNED 1187112592
AR work/D_INTRFC/BEHAVIOR 1236022044 \
      FL C:/hcr/firmware/VHDL_Source/d_intrfc.vhd EN work/D_INTRFC 1236022043
FL C:/hcr/firmware/VHDL_Source/fifo_en_gen.vhd 2007/10/19.12:32:18 J.40
EN work/FIFO_EN_GEN 1236022065 FL C:/hcr/firmware/VHDL_Source/fifo_en_gen.vhd \
      PB ieee/std_logic_1164 1187112590 PB ieee/std_logic_arith 1187112591 \
      PB ieee/STD_LOGIC_UNSIGNED 1187112592
AR work/FIFO_EN_GEN/BEHAVIOR 1236022066 \
      FL C:/hcr/firmware/VHDL_Source/fifo_en_gen.vhd EN work/FIFO_EN_GEN 1236022065
FL C:/hcr/firmware/vhdl_source/filter_latch.vhd 2008/12/04.16:01:29 J.40
EN work/FILTER_LATCH 1236022067 FL C:/hcr/firmware/vhdl_source/filter_latch.vhd \
      PB ieee/std_logic_1164 1187112590 PB ieee/std_logic_arith 1187112591 \
      PB ieee/STD_LOGIC_UNSIGNED 1187112592
AR work/FILTER_LATCH/Behavioral 1236022068 \
      FL C:/hcr/firmware/vhdl_source/filter_latch.vhd EN work/FILTER_LATCH 1236022067
FL C:/hcr/firmware/VHDL_Source/sdram_sys_clk_dcm.vhd 2007/03/21.09:58:34 J.40
EN work/SDRAM_SYS_CLK_DCM 1236022055 \
      FL C:/hcr/firmware/VHDL_Source/sdram_sys_clk_dcm.vhd PB ieee/std_logic_1164 1187112590 \
      PH ieee/NUMERIC_STD 1187112592
AR work/SDRAM_SYS_CLK_DCM/BEHAVIORAL 1236022056 \
      FL C:/hcr/firmware/VHDL_Source/sdram_sys_clk_dcm.vhd \
      EN work/SDRAM_SYS_CLK_DCM 1236022055 CP DCM_ADV CP BUFG
FL C:/hcr/firmware/VHDL_Source/syncgate.vhd 2007/10/19.12:31:44 J.40
EN work/SYNCGATE_GEN 1236022063 FL C:/hcr/firmware/VHDL_Source/syncgate.vhd \
      PB ieee/std_logic_1164 1187112590 PB ieee/std_logic_arith 1187112591 \
      PB ieee/STD_LOGIC_UNSIGNED 1187112592
AR work/SYNCGATE_GEN/BEHAVIOR 1236022064 \
      FL C:/hcr/firmware/VHDL_Source/syncgate.vhd EN work/SYNCGATE_GEN 1236022063
FL C:/hcr/firmware/VHDL_Source/top_level.vhd 2009/01/26.11:19:54 J.40
EN work/TOP_LEVEL 1236022079 FL C:/hcr/firmware/VHDL_Source/top_level.vhd \
      PB ieee/std_logic_1164 1187112590 PB ieee/std_logic_arith 1187112591 \
      PB ieee/STD_LOGIC_UNSIGNED 1187112592 LB UNISIM PH unisim/VCOMPONENTS 1189179356
AR work/TOP_LEVEL/STRUCTURE 1236022080 \
      FL C:/hcr/firmware/VHDL_Source/top_level.vhd EN work/TOP_LEVEL 1236022079 \
      CP IBUFG CP BUFG CP IBUFGDS_LVPECL_25 CP SDRAM_SYS_CLK_DCM CP FDDRRSE \
      CP fifo_d1k_w64_r64 CP MEMORY_APP CP SRL16 CP IDELAYCTRL CP IOBUF CP OBUFT \
      CP IBUFGDS_LVDS_25 CP OBUFDS_LVDS_25 CP IBUFDS_LVDS_25 CP BUFIO CP CLK_GEN \
      CP CNTRLREG CP SYNCGATE_GEN CP FIFO_EN_GEN CP FILTER_LATCH \
      CP ADC_DATA_PATH_USER CP ADC_DATA_PATH CP DAC_DATA_PATH CP CLK_DCM \
      CP DDC_ADV_DCM CP BUFGCTRL
FL C:/hcr/firmware/VHDL_Source/user_block.vhd 2007/10/19.12:35:32 J.40
EN work/USER_BLOCK 1236022039 FL C:/hcr/firmware/VHDL_Source/user_block.vhd \
      PB ieee/std_logic_1164 1187112590 PB ieee/std_logic_arith 1187112591 \
      PB ieee/STD_LOGIC_UNSIGNED 1187112592
AR work/USER_BLOCK/BEHAVIOR 1236022040 \
      FL C:/hcr/firmware/VHDL_Source/user_block.vhd EN work/USER_BLOCK 1236022039
FL C:/hcr/firmware/xc4vsx55/fifo_d1k_w64_r32.vhd 2008/12/10.10:27:26 J.40
EN work/fifo_d1k_w64_r32 1236022053 \
      FL C:/hcr/firmware/xc4vsx55/fifo_d1k_w64_r32.vhd PB ieee/std_logic_1164 1187112590
AR work/fifo_d1k_w64_r32/fifo_d1k_w64_r32_a 1236022054 \
      FL C:/hcr/firmware/xc4vsx55/fifo_d1k_w64_r32.vhd EN work/fifo_d1k_w64_r32 1236022053
FL C:/hcr/firmware/xc4vsx55/fifo_d1k_w64_r64.vhd 2008/12/10.10:29:18 J.40
EN work/fifo_d1k_w64_r64 1236022051 \
      FL C:/hcr/firmware/xc4vsx55/fifo_d1k_w64_r64.vhd PB ieee/std_logic_1164 1187112590
AR work/fifo_d1k_w64_r64/fifo_d1k_w64_r64_a 1236022052 \
      FL C:/hcr/firmware/xc4vsx55/fifo_d1k_w64_r64.vhd EN work/fifo_d1k_w64_r64 1236022051
FL C:/hcr/firmware/xc4vsx55/fifo_d2k_w32_r64.vhd 2008/12/10.10:31:14 J.40
EN work/fifo_d2k_w32_r64 1236022047 \
      FL C:/hcr/firmware/xc4vsx55/fifo_d2k_w32_r64.vhd PB ieee/std_logic_1164 1187112590
AR work/fifo_d2k_w32_r64/fifo_d2k_w32_r64_a 1236022048 \
      FL C:/hcr/firmware/xc4vsx55/fifo_d2k_w32_r64.vhd EN work/fifo_d2k_w32_r64 1236022047
FL C:/hcr/firmware/xc4vsx55/fifo_d8k_w64_r32.vhd 2008/12/10.10:41:20 J.40
EN work/fifo_d8k_w64_r32 1236022037 \
      FL C:/hcr/firmware/xc4vsx55/fifo_d8k_w64_r32.vhd PB ieee/std_logic_1164 1187112590
AR work/fifo_d8k_w64_r32/fifo_d8k_w64_r32_a 1236022038 \
      FL C:/hcr/firmware/xc4vsx55/fifo_d8k_w64_r32.vhd EN work/fifo_d8k_w64_r32 1236022037
