#-----------------------------------------------------------
# Vivado v2016.2 (64-bit)
# SW Build 1577090 on Thu Jun  2 16:32:40 MDT 2016
# IP Build 1577682 on Fri Jun  3 12:00:54 MDT 2016
# Start of session at: Thu Jul 07 15:12:39 2016
# Process ID: 6732
# Current directory: C:/Xilinx/Vivado/2016.2/data/ip/pentek/ip/px_dma_pcie2pd
# Command line: vivado.exe -gui_launcher_event rodinguilauncherevent1376 C:\Xilinx\Vivado\2016.2\data\ip\pentek\ip\px_dma_pcie2pd\px_dma_pcie2pd.xpr
# Log file: C:/Xilinx/Vivado/2016.2/data/ip/pentek/ip/px_dma_pcie2pd/vivado.log
# Journal file: C:/Xilinx/Vivado/2016.2/data/ip/pentek/ip/px_dma_pcie2pd\vivado.jou
#-----------------------------------------------------------
start_gui
open_project C:/Xilinx/Vivado/2016.2/data/ip/pentek/ip/px_dma_pcie2pd/px_dma_pcie2pd.xpr
ipx::package_project -root_dir C:/Xilinx/Vivado/2016.2/data/ip/pentek/ip/px_dma_pcie2pd -vendor xilinx.com -library user -taxonomy /UserIP
set_property vendor pentek.com [ipx::current_core]
set_property library px_ip [ipx::current_core]
set_property description {AXI4-Stream PCI Express to AXI-S DMA} [ipx::current_core]
set_property vendor_display_name {Pentek, Inc.} [ipx::current_core]
set_property company_url www.pentek.com [ipx::current_core]
set_property taxonomy /PentekIP [ipx::current_core]
ipx::remove_file px_dma_pcie2pd.srcs/constrs_1/new/px_dma_pcie2pd_ooc.xdc [ipx::get_file_groups xilinx_anylanguagesynthesis -of_objects [ipx::current_core]]
ipx::add_file_group -type version_info {} [ipx::current_core]
ipx::add_file E:/px_dma_pcie2pd/doc/px_dma_pcie2pd_changelog.txt [ipx::get_file_groups xilinx_versioninformation -of_objects [ipx::current_core]]
set_property type text [ipx::get_files E:/px_dma_pcie2pd/doc/px_dma_pcie2pd_changelog.txt -of_objects [ipx::get_file_groups xilinx_versioninformation -of_objects [ipx::current_core]]]
ipx::remove_file E:/px_dma_pcie2pd/doc/px_dma_pcie2pd_changelog.txt [ipx::get_file_groups xilinx_versioninformation -of_objects [ipx::current_core]]
ipx::add_file doc/px_dma_pcie2pd_changelog.txt [ipx::get_file_groups xilinx_versioninformation -of_objects [ipx::current_core]]
set_property type text [ipx::get_files doc/px_dma_pcie2pd_changelog.txt -of_objects [ipx::get_file_groups xilinx_versioninformation -of_objects [ipx::current_core]]]
set_property display_name {PCIe Channel Number} [ipgui::get_guiparamspec -name "pcie_channel" -component [ipx::current_core] ]
set_property tooltip {PCIe Channe Numberl} [ipgui::get_guiparamspec -name "pcie_channel" -component [ipx::current_core] ]
set_property widget {textEdit} [ipgui::get_guiparamspec -name "pcie_channel" -component [ipx::current_core] ]
set_property value_validation_type range_long [ipx::get_user_parameters pcie_channel -of_objects [ipx::current_core]]
set_property value_validation_range_minimum 0 [ipx::get_user_parameters pcie_channel -of_objects [ipx::current_core]]
set_property value_validation_range_maximum 7 [ipx::get_user_parameters pcie_channel -of_objects [ipx::current_core]]
set_property range 4096 [ipx::get_address_blocks reg0 -of_objects [ipx::get_memory_maps s_axi_csr -of_objects [ipx::current_core]]]
set_property core_revision 2 [ipx::current_core]
ipx::create_xgui_files [ipx::current_core]
ipx::update_checksums [ipx::current_core]
ipx::save_core [ipx::current_core]
update_ip_catalog -rebuild -repo_path c:/Xilinx/Vivado/2016.2/data/ip/pentek/ip
