#-----------------------------------------------------------
# Vivado v2019.2 (64-bit)
# SW Build 2700185 on Thu Oct 24 18:46:05 MDT 2019
# IP Build 2699827 on Thu Oct 24 21:16:38 MDT 2019
# Start of session at: Tue Nov 12 11:37:41 2019
# Process ID: 1588
# Current directory: C:/Pentek/IP/2019.2/pentek/ip/px_axis_fdecfir32_1
# Command line: vivado.exe -gui_launcher_event rodinguilauncherevent18004 C:\Pentek\IP\2019.2\pentek\ip\px_axis_fdecfir32_1\px_axis_fdecfir32_1.xpr
# Log file: C:/Pentek/IP/2019.2/pentek/ip/px_axis_fdecfir32_1/vivado.log
# Journal file: C:/Pentek/IP/2019.2/pentek/ip/px_axis_fdecfir32_1\vivado.jou
#-----------------------------------------------------------
start_gui
open_project C:/Pentek/IP/2019.2/pentek/ip/px_axis_fdecfir32_1/px_axis_fdecfir32_1.xpr
report_ip_status -name ip_status 
update_compile_order -fileset sources_1
upgrade_ip -srcset px_axis_fdecfir32_1_dlyram [get_ips  {px_axis_fdecfir32_1_dlyram px_axis_fdecfir32_axi_xbar px_axis_fdecfir32_brctlr px_axis_fdecfir32_dlyr px_axis_fdecfir32_mem px_axis_fdecfir32_mult px_axis_fdecfir32_rnd16 px_axis_fdecfir32_rnd24 px_axis_fdecfir32_sat px_axis_fdecfir32_sr128 px_axis_fdecfir32_sr16 px_axis_fdecfir32_sr64 px_axis_fdecfir32_xclk px_axis_fdecfir32l_csr tb_dds}] -log ip_upgrade.log
export_ip_user_files -of_objects [get_ips {px_axis_fdecfir32_1_dlyram px_axis_fdecfir32_axi_xbar px_axis_fdecfir32_brctlr px_axis_fdecfir32_dlyr px_axis_fdecfir32_mem px_axis_fdecfir32_mult px_axis_fdecfir32_rnd16 px_axis_fdecfir32_rnd24 px_axis_fdecfir32_sat px_axis_fdecfir32_sr128 px_axis_fdecfir32_sr16 px_axis_fdecfir32_sr64 px_axis_fdecfir32_xclk px_axis_fdecfir32l_csr tb_dds}] -no_script -sync -force -quiet
report_ip_status -name ip_status 
update_compile_order -fileset sources_1
ipx::open_ipxact_file {C:\Pentek\IP\2019.2\pentek\ip\px_axis_fdecfir32_1\component.xml}
set_property core_revision 18 [ipx::current_core]
ipx::create_xgui_files [ipx::current_core]
ipx::update_checksums [ipx::current_core]
ipx::save_core [ipx::current_core]
update_ip_catalog -rebuild -repo_path c:/Pentek/IP/2019.2/pentek
close_project
open_project C:/Pentek/IP/2019.2/pentek/ip/px_axis_pkt2contigstream_512/px_axis_pkt2contigstream_512.xpr
update_compile_order -fileset sources_1
ipx::open_ipxact_file {C:\pentek\ip\2019.1\pentek\ip\px_axis_pkt2contigstream_512\component.xml}
set_property core_revision 7 [ipx::current_core]
ipx::create_xgui_files [ipx::current_core]
ipx::update_checksums [ipx::current_core]
ipx::save_core [ipx::current_core]
update_ip_catalog -rebuild -repo_path c:/pentek/ip/2019.1/pentek/ip/px_axis_pkt2contigstream_512
close_project
open_project C:/Pentek/IP/2019.2/pentek/ip/px_axis_pkt2contigstream_512/px_axis_pkt2contigstream_512.xpr
update_compile_order -fileset sources_1
update_files -from_files C:/Pentek/IP/2019.2/pentek/ip/px_axis_pkt2contigstream_512/component.xml -to_files C:/pentek/ip/2019.1/pentek/ip/px_axis_pkt2contigstream_512/component.xml -filesets [get_filesets *]
ipx::open_ipxact_file {C:\Pentek\IP\2019.2\pentek\ip\px_axis_pkt2contigstream_512\component.xml}
set_property core_revision 6 [ipx::current_core]
ipx::create_xgui_files [ipx::current_core]
ipx::update_checksums [ipx::current_core]
ipx::save_core [ipx::current_core]
set_property  ip_repo_paths  {c:/Pentek/IP/2019.2/pentek/ip/px_axis_pkt2contigstream_512 c:/pentek/ip/2019.1/pentek/ip/px_axis_pkt2contigstream_512} [current_project]
update_ip_catalog
close_project
open_project C:/Pentek/IP/2019.2/pentek/ip/px_100ge_rx_udp2axis/px_100ge_rx_udp2axis.xpr
update_compile_order -fileset sources_1
update_files -from_files C:/Pentek/IP/2019.2/pentek/ip/px_100ge_rx_udp2axis/component.xml -to_files C:/pentek/ip/2019.1/pentek/ip/px_100ge_rx_udp2axis/component.xml -filesets [get_filesets *]
ipx::open_ipxact_file {C:\Pentek\IP\2019.2\pentek\ip\px_100ge_rx_udp2axis\component.xml}
set_property core_revision 6 [ipx::current_core]
ipx::create_xgui_files [ipx::current_core]
ipx::update_checksums [ipx::current_core]
ipx::save_core [ipx::current_core]
set_property  ip_repo_paths  {c:/Pentek/IP/2019.2/pentek/ip/px_100ge_rx_udp2axis c:/pentek/ip/2019.1/pentek/ip/px_100ge_rx_udp2axis} [current_project]
update_ip_catalog
close_project
