#-----------------------------------------------------------
# Vivado v2019.2 (64-bit)
# SW Build 2700185 on Thu Oct 24 18:46:05 MDT 2019
# IP Build 2699827 on Thu Oct 24 21:16:38 MDT 2019
# Start of session at: Wed Nov 20 11:55:06 2019
# Process ID: 3664
# Current directory: C:/Pentek/IP/2019.2/pentek/ip/px_100ge_rx_udp2axis
# Command line: vivado.exe -gui_launcher_event rodinguilauncherevent13144 C:\Pentek\IP\2019.2\pentek\ip\px_100ge_rx_udp2axis\px_100ge_rx_udp2axis.xpr
# Log file: C:/Pentek/IP/2019.2/pentek/ip/px_100ge_rx_udp2axis/vivado.log
# Journal file: C:/Pentek/IP/2019.2/pentek/ip/px_100ge_rx_udp2axis\vivado.jou
#-----------------------------------------------------------
start_gui
open_project C:/Pentek/IP/2019.2/pentek/ip/px_100ge_rx_udp2axis/px_100ge_rx_udp2axis.xpr
update_compile_order -fileset sources_1
ipx::open_ipxact_file {C:\Pentek\IP\2019.2\pentek\ip\px_100ge_rx_udp2axis\component.xml}
set_property core_revision 7 [ipx::current_core]
ipx::create_xgui_files [ipx::current_core]
ipx::update_checksums [ipx::current_core]
ipx::save_core [ipx::current_core]
update_ip_catalog -rebuild -repo_path c:/Pentek/IP/2019.2/pentek/ip/px_100ge_rx_udp2axis
close_project
